2026-10-03T13:54:12+13:00 run start {'title': 'Qualitative forced turbulence', 'input_file': '/home/user_mary_w/Project_Code/rmhd-gpu-with-shear/cases/Forced_turbulence/forced_turbulence.input', 'output_dir': '/home/user_mary_w/Project_Code/rmhd-gpu-with-shear/cases/Forced_turbulence/outputs', 'backend': 'numpy', 'equation_set': 'shear', 'equation_mode': 'nonlinear', 'grid': [64, 64, 64], 'output_cadences': {'scalar': 0.5, 'spectra': 1.0, 'full_field': 0.0}, 'hostname': 'DESKTOP-IHEGES4', 'python_executable': '/home/user_mary_w/Project_Code/rmhd-gpu/rmhd-env/bin/python', 'git_commit': 'f411e5957c201cac8ddfce684363a855757672ec', 'command': '/home/user_mary_w/Project_Code/rmhd-gpu-with-shear/rmhdgpu/run.py cases/Forced_turbulence/forced_turbulence.input'}
2026-10-03T13:54:12+13:00 run setup {'resolved_output_dir': '/home/user_mary_w/Project_Code/rmhd-gpu-with-shear/cases/Forced_turbulence/outputs', 'input_file': '/home/user_mary_w/Project_Code/rmhd-gpu-with-shear/cases/Forced_turbulence/forced_turbulence.input', 'backend': 'numpy', 'equation_set': 'shear', 'equation_mode': 'nonlinear', 'grid': [64, 64, 64], 'output_cadences': {'scalar': 0.5, 'spectra': 1.0, 'full_field': 0.0}, 'dissipation_mode': 'manual', 'forcing': {'enabled': True, 'mode': 'elsasser', 'epsilon_plus': 0.35, 'epsilon_minus': 0.35, 'field_energy_injection_rates': {'upar': 0.0005, 'dbpar': 0.001}}, 'initial_condition': {'type': 'zero'}}
2026-10-03T13:54:12+13:00 scalar diagnostics {'step': 0, 'time': 0.0, 'dt': 0.0, 'total_energy': 0.0}
2026-10-03T13:54:12+13:00 spectra diagnostics {'time': 0.0, 'step': 0, 'quantities': ['u_perp', 'b_perp', 'upar', 'dbpar', 'z_plus', 'z_minus'], 'shell_count': 46, 'prl_shell_count': 33}
2026-10-03T13:54:30+13:00 scalar diagnostics {'step': 34, 'time': 0.5100000000000003, 'dt': 0.015, 'total_energy': 0.17882463435005752}
2026-10-03T13:54:46+13:00 scalar diagnostics {'step': 67, 'time': 1.0050000000000008, 'dt': 0.015, 'total_energy': 0.3731519407766257}
2026-10-03T13:54:46+13:00 spectra diagnostics {'time': 1.0050000000000008, 'step': 67, 'quantities': ['u_perp', 'b_perp', 'upar', 'dbpar', 'z_plus', 'z_minus'], 'shell_count': 46, 'prl_shell_count': 33}
2026-10-03T13:55:01+13:00 progress {'step': 100, 'time': 1.4999999999999976, 'dt': 0.015}
2026-10-03T13:55:02+13:00 scalar diagnostics {'step': 101, 'time': 1.5149999999999975, 'dt': 0.015, 'total_energy': 0.5474668679301973}
2026-10-03T13:55:20+13:00 scalar diagnostics {'step': 139, 'time': 2.0083101034354236, 'dt': 0.010660349314360475, 'total_energy': 0.676723053099848}
2026-10-03T13:55:20+13:00 spectra diagnostics {'time': 2.0083101034354236, 'step': 139, 'quantities': ['u_perp', 'b_perp', 'upar', 'dbpar', 'z_plus', 'z_minus'], 'shell_count': 46, 'prl_shell_count': 33}
2026-10-03T13:55:41+13:00 scalar diagnostics {'step': 183, 'time': 2.5023053262614305, 'dt': 0.01051952819219269, 'total_energy': 0.843402212258046}
2026-10-03T13:55:50+13:00 progress {'step': 200, 'time': 2.6822054583177994, 'dt': 0.01025816201712698}
2026-10-03T13:56:07+13:00 scalar diagnostics {'step': 236, 'time': 3.0080147202883576, 'dt': 0.00838639835274953, 'total_energy': 0.9906769747053767}
2026-10-03T13:56:07+13:00 spectra diagnostics {'time': 3.0080147202883576, 'step': 236, 'quantities': ['u_perp', 'b_perp', 'upar', 'dbpar', 'z_plus', 'z_minus'], 'shell_count': 46, 'prl_shell_count': 33}
2026-10-03T13:56:35+13:00 scalar diagnostics {'step': 295, 'time': 3.503409705930276, 'dt': 0.008465480483417423, 'total_energy': 1.1411592179365142}
2026-10-03T13:56:37+13:00 progress {'step': 300, 'time': 3.5460665713948187, 'dt': 0.008752573607938569}
2026-10-03T13:57:03+13:00 progress {'step': 357, 'time': 4.0, 'dt': 0.00037522098634612533}
2026-10-03T13:57:03+13:00 scalar diagnostics {'step': 357, 'time': 4.0, 'dt': 0.00037522098634612533, 'total_energy': 1.1907685752450206}
2026-10-03T13:57:03+13:00 spectra diagnostics {'time': 4.0, 'step': 357, 'quantities': ['u_perp', 'b_perp', 'upar', 'dbpar', 'z_plus', 'z_minus'], 'shell_count': 46, 'prl_shell_count': 33}
2026-10-03T13:57:03+13:00 run complete {'backend': 'numpy', 'equation_set': 'shear', 'equation_mode': 'nonlinear', 'grid': [64, 64, 64], 'steps': 357, 't_final': 4.0, 'dt_last': 0.00037522098634612533, 'total_energy_initial': 0.0, 'total_energy_final': 1.1907685752450206, 'psi_hat_max_abs': 45230.94181037103, 'output_dir': '/home/user_mary_w/Project_Code/rmhd-gpu-with-shear/cases/Forced_turbulence/outputs', 'scalar_diagnostics_csv': '/home/user_mary_w/Project_Code/rmhd-gpu-with-shear/cases/Forced_turbulence/outputs/scalar_diagnostics.csv', 'spectra_csv': '/home/user_mary_w/Project_Code/rmhd-gpu-with-shear/cases/Forced_turbulence/outputs/spectra.csv'}
